// Jest Snapshot v1, https://goo.gl/fbAQLP

exports[`Test Authenticate component Test it renders correctly 1`] = `
<Connect(Login)
  props={
    Object {
      "loginUser": [MockFunction],
    }
  }
  store={
    Object {
      "clearActions": [Function],
      "dispatch": [Function],
      "getActions": [Function],
      "getState": [Function],
      "replaceReducer": [Function],
      "subscribe": [Function],
    }
  }
/>
`;

exports[`Test renders correctly It renders correectly when user not signed in should catch error when offline 1`] = `
Array [
  <div
    className="login-background"
  >
    <div
      className="auth__left-column"
    >
      <div
        className="auth__panel"
        type="presentation"
      >
        <div
          className="auth__right-column__panel"
          type="presentation"
        >
          <div
            className="auth__panel--icon"
            type="presentation"
          >
            <img
              alt="google-icon"
              className="icon-image"
              src="appIcon.svg"
            />
          </div>
        </div>
        <div
          className="auth__panel--intermediate"
          type="presentation"
        >
          <div
            className="app__title__border"
            disable="false"
            onClick={[Function]}
            role="button"
          >
            <span
              className="app__title"
            >
              Finager
            </span>
          </div>
        </div>
        <div
          className="auth__panel--social"
          disable="false"
          onClick={[Function]}
          role="button"
        >
          <img
            alt="google-icon"
            className="google-icon"
            src="googleIcon.svg"
          />
          <span
            className="auth-text"
          >
            Login with Google
          </span>
        </div>
        <div
          className="auth__panel--terms"
          onClick={[Function]}
          role="button"
        >
          Login confirms that you agree to our terms and conditions.
        </div>
      </div>
    </div>
    <div
      className="auth__right-column"
    >
      <div
        className="auth__right-column__panel"
        type="presentation"
      />
      <div
        className="auth__right-column__panel-info"
      >
        <div
          className="auth__right-column__panel-info_content"
        >
          <span>
            Automate and track all your routine financial transactions
          </span>
          <br />
          <span
            id="examples"
          >
            ---Bills. loan payments. investments. donations---
          </span>
        </div>
      </div>
      <div
        className="auth__right-column__panel--text"
      >
        <div
          className="auth__panel--video"
          disable="false"
          onClick={[Function]}
          role="button"
        >
          <img
            alt="video"
            className="video-icon"
            src="video.svg"
          />
          <span
            className="side-button__text"
          >
            Watch Tutorial
          </span>
        </div>
        <div
          className="auth__panel--try"
          disable="false"
          onClick={[Function]}
          role="button"
        >
          <span
            className="side-button__text--try"
          >
            Demo
          </span>
        </div>
      </div>
    </div>
  </div>,
  <div
    className="auth__footer"
    type="presentation"
  />,
]
`;

exports[`Test renders correctly It renders correectly when user not signed in should load google api with user not signed in 1`] = `
Array [
  <div
    className="login-background"
  >
    <div
      className="auth__left-column"
    >
      <div
        className="auth__panel"
        type="presentation"
      >
        <div
          className="auth__right-column__panel"
          type="presentation"
        >
          <div
            className="auth__panel--icon"
            type="presentation"
          >
            <img
              alt="google-icon"
              className="icon-image"
              src="appIcon.svg"
            />
          </div>
        </div>
        <div
          className="auth__panel--intermediate"
          type="presentation"
        >
          <div
            className="app__title__border"
            disable="false"
            onClick={[Function]}
            role="button"
          >
            <span
              className="app__title"
            >
              Finager
            </span>
          </div>
        </div>
        <div
          className="auth__panel--social"
          disable="false"
          onClick={[Function]}
          role="button"
        >
          <img
            alt="google-icon"
            className="google-icon"
            src="googleIcon.svg"
          />
          <span
            className="auth-text"
          >
            Login with Google
          </span>
        </div>
        <div
          className="auth__panel--terms"
          onClick={[Function]}
          role="button"
        >
          Login confirms that you agree to our terms and conditions.
        </div>
      </div>
    </div>
    <div
      className="auth__right-column"
    >
      <div
        className="auth__right-column__panel"
        type="presentation"
      />
      <div
        className="auth__right-column__panel-info"
      >
        <div
          className="auth__right-column__panel-info_content"
        >
          <span>
            Automate and track all your routine financial transactions
          </span>
          <br />
          <span
            id="examples"
          >
            ---Bills. loan payments. investments. donations---
          </span>
        </div>
      </div>
      <div
        className="auth__right-column__panel--text"
      >
        <div
          className="auth__panel--video"
          disable="false"
          onClick={[Function]}
          role="button"
        >
          <img
            alt="video"
            className="video-icon"
            src="video.svg"
          />
          <span
            className="side-button__text"
          >
            Watch Tutorial
          </span>
        </div>
        <div
          className="auth__panel--try"
          disable="false"
          onClick={[Function]}
          role="button"
        >
          <span
            className="side-button__text--try"
          >
            Demo
          </span>
        </div>
      </div>
    </div>
  </div>,
  <div
    className="auth__footer"
    type="presentation"
  />,
]
`;

exports[`Test renders correctly It renders correectly when user not signed in should load google api with user not signed in and fails to sign in 1`] = `
Array [
  <div
    className="login-background"
  >
    <div
      className="auth__left-column"
    >
      <div
        className="auth__panel"
        type="presentation"
      >
        <div
          className="auth__right-column__panel"
          type="presentation"
        >
          <div
            className="auth__panel--icon"
            type="presentation"
          >
            <img
              alt="google-icon"
              className="icon-image"
              src="appIcon.svg"
            />
          </div>
        </div>
        <div
          className="auth__panel--intermediate"
          type="presentation"
        >
          <div
            className="app__title__border"
            disable="false"
            onClick={[Function]}
            role="button"
          >
            <span
              className="app__title"
            >
              Finager
            </span>
          </div>
        </div>
        <div
          className="auth__panel--social"
          disable="false"
          onClick={[Function]}
          role="button"
        >
          <img
            alt="google-icon"
            className="google-icon"
            src="googleIcon.svg"
          />
          <span
            className="auth-text"
          >
            Login with Google
          </span>
        </div>
        <div
          className="auth__panel--terms"
          onClick={[Function]}
          role="button"
        >
          Login confirms that you agree to our terms and conditions.
        </div>
      </div>
    </div>
    <div
      className="auth__right-column"
    >
      <div
        className="auth__right-column__panel"
        type="presentation"
      />
      <div
        className="auth__right-column__panel-info"
      >
        <div
          className="auth__right-column__panel-info_content"
        >
          <span>
            Automate and track all your routine financial transactions
          </span>
          <br />
          <span
            id="examples"
          >
            ---Bills. loan payments. investments. donations---
          </span>
        </div>
      </div>
      <div
        className="auth__right-column__panel--text"
      >
        <div
          className="auth__panel--video"
          disable="false"
          onClick={[Function]}
          role="button"
        >
          <img
            alt="video"
            className="video-icon"
            src="video.svg"
          />
          <span
            className="side-button__text"
          >
            Watch Tutorial
          </span>
        </div>
        <div
          className="auth__panel--try"
          disable="false"
          onClick={[Function]}
          role="button"
        >
          <span
            className="side-button__text--try"
          >
            Demo
          </span>
        </div>
      </div>
    </div>
  </div>,
  <div
    className="auth__footer"
    type="presentation"
  />,
]
`;

exports[`Test renders correctly It renders correectly when user not signed in should not load from invalid origin 1`] = `
Array [
  <div
    className="login-background"
  >
    <div
      className="auth__left-column"
    >
      <div
        className="auth__panel"
        type="presentation"
      >
        <div
          className="auth__right-column__panel"
          type="presentation"
        >
          <div
            className="auth__panel--icon"
            type="presentation"
          >
            <img
              alt="google-icon"
              className="icon-image"
              src="appIcon.svg"
            />
          </div>
        </div>
        <div
          className="auth__panel--intermediate"
          type="presentation"
        >
          <div
            className="app__title__border"
            disable="false"
            onClick={[Function]}
            role="button"
          >
            <span
              className="app__title"
            >
              Finager
            </span>
          </div>
        </div>
        <div
          className="auth__panel--social"
          disable="false"
          onClick={[Function]}
          role="button"
        >
          <img
            alt="google-icon"
            className="google-icon"
            src="googleIcon.svg"
          />
          <span
            className="auth-text"
          >
            Login with Google
          </span>
        </div>
        <div
          className="auth__panel--terms"
          onClick={[Function]}
          role="button"
        >
          Login confirms that you agree to our terms and conditions.
        </div>
      </div>
    </div>
    <div
      className="auth__right-column"
    >
      <div
        className="auth__right-column__panel"
        type="presentation"
      />
      <div
        className="auth__right-column__panel-info"
      >
        <div
          className="auth__right-column__panel-info_content"
        >
          <span>
            Automate and track all your routine financial transactions
          </span>
          <br />
          <span
            id="examples"
          >
            ---Bills. loan payments. investments. donations---
          </span>
        </div>
      </div>
      <div
        className="auth__right-column__panel--text"
      >
        <div
          className="auth__panel--video"
          disable="false"
          onClick={[Function]}
          role="button"
        >
          <img
            alt="video"
            className="video-icon"
            src="video.svg"
          />
          <span
            className="side-button__text"
          >
            Watch Tutorial
          </span>
        </div>
        <div
          className="auth__panel--try"
          disable="false"
          onClick={[Function]}
          role="button"
        >
          <span
            className="side-button__text--try"
          >
            Demo
          </span>
        </div>
      </div>
    </div>
  </div>,
  <div
    className="auth__footer"
    type="presentation"
  />,
]
`;

exports[`Test renders correctly It renders correectly when user not signed in should not sign in google api with user when unexpected error occurs 1`] = `
Array [
  <div
    className="login-background"
  >
    <div
      className="auth__left-column"
    >
      <div
        className="auth__panel"
        type="presentation"
      >
        <div
          className="auth__right-column__panel"
          type="presentation"
        >
          <div
            className="auth__panel--icon"
            type="presentation"
          >
            <img
              alt="google-icon"
              className="icon-image"
              src="appIcon.svg"
            />
          </div>
        </div>
        <div
          className="auth__panel--intermediate"
          type="presentation"
        >
          <div
            className="app__title__border"
            disable="false"
            onClick={[Function]}
            role="button"
          >
            <span
              className="app__title"
            >
              Finager
            </span>
          </div>
        </div>
        <div
          className="auth__panel--social"
          disable="false"
          onClick={[Function]}
          role="button"
        >
          <img
            alt="google-icon"
            className="google-icon"
            src="googleIcon.svg"
          />
          <span
            className="auth-text"
          >
            Login with Google
          </span>
        </div>
        <div
          className="auth__panel--terms"
          onClick={[Function]}
          role="button"
        >
          Login confirms that you agree to our terms and conditions.
        </div>
      </div>
    </div>
    <div
      className="auth__right-column"
    >
      <div
        className="auth__right-column__panel"
        type="presentation"
      />
      <div
        className="auth__right-column__panel-info"
      >
        <div
          className="auth__right-column__panel-info_content"
        >
          <span>
            Automate and track all your routine financial transactions
          </span>
          <br />
          <span
            id="examples"
          >
            ---Bills. loan payments. investments. donations---
          </span>
        </div>
      </div>
      <div
        className="auth__right-column__panel--text"
      >
        <div
          className="auth__panel--video"
          disable="false"
          onClick={[Function]}
          role="button"
        >
          <img
            alt="video"
            className="video-icon"
            src="video.svg"
          />
          <span
            className="side-button__text"
          >
            Watch Tutorial
          </span>
        </div>
        <div
          className="auth__panel--try"
          disable="false"
          onClick={[Function]}
          role="button"
        >
          <span
            className="side-button__text--try"
          >
            Demo
          </span>
        </div>
      </div>
    </div>
  </div>,
  <div
    className="auth__footer"
    type="presentation"
  />,
]
`;

exports[`Test renders correctly should load google api with signed in user 1`] = `
Array [
  <div
    className="login-background"
  >
    <div
      className="auth__left-column"
    >
      <div
        className="auth__panel"
        type="presentation"
      >
        <div
          className="auth__right-column__panel"
          type="presentation"
        >
          <div
            className="auth__panel--icon"
            type="presentation"
          >
            <img
              alt="google-icon"
              className="icon-image"
              src="appIcon.svg"
            />
          </div>
        </div>
        <div
          className="auth__panel--intermediate"
          type="presentation"
        >
          <div
            className="app__title__border"
            disable="false"
            onClick={[Function]}
            role="button"
          >
            <span
              className="app__title"
            >
              Finager
            </span>
          </div>
        </div>
        <div
          className="auth__panel--social"
          disable="false"
          onClick={[Function]}
          role="button"
        >
          <img
            alt="google-icon"
            className="google-icon"
            src="googleIcon.svg"
          />
          <span
            className="auth-text"
          >
            Login with Google
          </span>
        </div>
        <div
          className="auth__panel--terms"
          onClick={[Function]}
          role="button"
        >
          Login confirms that you agree to our terms and conditions.
        </div>
      </div>
    </div>
    <div
      className="auth__right-column"
    >
      <div
        className="auth__right-column__panel"
        type="presentation"
      />
      <div
        className="auth__right-column__panel-info"
      >
        <div
          className="auth__right-column__panel-info_content"
        >
          <span>
            Automate and track all your routine financial transactions
          </span>
          <br />
          <span
            id="examples"
          >
            ---Bills. loan payments. investments. donations---
          </span>
        </div>
      </div>
      <div
        className="auth__right-column__panel--text"
      >
        <div
          className="auth__panel--video"
          disable="false"
          onClick={[Function]}
          role="button"
        >
          <img
            alt="video"
            className="video-icon"
            src="video.svg"
          />
          <span
            className="side-button__text"
          >
            Watch Tutorial
          </span>
        </div>
        <div
          className="auth__panel--try"
          disable="false"
          onClick={[Function]}
          role="button"
        >
          <span
            className="side-button__text--try"
          >
            Demo
          </span>
        </div>
      </div>
    </div>
  </div>,
  <div
    className="auth__footer"
    type="presentation"
  />,
]
`;
